
> cisme-wechat-miniapp@0.1.0 design:qa:status
> tsx scripts/check-design-qa.ts

{
  "ok": true,
  "releaseReady": false,
  "packageSourceSha256": "6ceca531174cd17e0968cfef69111f83c92e5523bac54db4a3a59a85a971e8c7",
  "structuralErrors": [],
  "releaseErrors": [
    "DESIGN_QA_FINAL_RESULT_NOT_PASSED",
    "DESIGN_QA_CURRENT_DEVTOOLS_EVIDENCE_REQUIRED",
    "DESIGN_QA_ROUTE_MATRIX_INCOMPLETE:pages/home/index",
    "DESIGN_QA_ROUTE_MATRIX_INCOMPLETE:pages/records/index",
    "DESIGN_QA_ROUTE_MATRIX_INCOMPLETE:pages/community/index",
    "DESIGN_QA_ROUTE_MATRIX_INCOMPLETE:pages/profile/index",
    "DESIGN_QA_ROUTE_MATRIX_INCOMPLETE:pages/account/index",
    "DESIGN_QA_ROUTE_MATRIX_INCOMPLETE:pages/task/index",
    "DESIGN_QA_ROUTE_MATRIX_INCOMPLETE:pages/submit/index",
    "DESIGN_QA_ROUTE_MATRIX_INCOMPLETE:pages/progress/index",
    "DESIGN_QA_ROUTE_MATRIX_INCOMPLETE:pages/points/index",
    "DESIGN_QA_ROUTE_MATRIX_INCOMPLETE:pages/post/index",
    "DESIGN_QA_ROUTE_MATRIX_INCOMPLETE:pages/shop/index",
    "DESIGN_QA_ROUTE_MATRIX_INCOMPLETE:pages/product/index",
    "DESIGN_QA_ROUTE_MATRIX_INCOMPLETE:pages/checkout/index",
    "DESIGN_QA_ROUTE_MATRIX_INCOMPLETE:pages/orders/index",
    "DESIGN_QA_ROUTE_MATRIX_INCOMPLETE:pages/order-detail/index",
    "DESIGN_QA_ROUTE_MATRIX_INCOMPLETE:pages/settings/index",
    "DESIGN_QA_ROUTE_MATRIX_INCOMPLETE:pages/invite/index",
    "DESIGN_QA_ROUTE_MATRIX_INCOMPLETE:pages/legal/index",
    "DESIGN_QA_ROUTE_MATRIX_INCOMPLETE:pages/privacy-rights/index",
    "DESIGN_QA_ROUTE_MATRIX_INCOMPLETE:pages/support/index",
    "DESIGN_QA_ROUTE_MATRIX_INCOMPLETE:pages/management/index",
    "DESIGN_QA_ROUTE_MATRIX_INCOMPLETE:pages/management-catalog/index",
    "DESIGN_QA_ROUTE_MATRIX_INCOMPLETE:pages/management-product/index",
    "DESIGN_QA_ROUTE_MATRIX_INCOMPLETE:pages/management-orders/index",
    "DESIGN_QA_ROUTE_MATRIX_INCOMPLETE:pages/management-order-detail/index",
    "DESIGN_QA_ROUTE_MATRIX_INCOMPLETE:pages/management-support/index",
    "DESIGN_QA_ROUTE_MATRIX_INCOMPLETE:pages/management-support-chat/index",
    "DESIGN_QA_ROUTE_MATRIX_INCOMPLETE:pages/management-members/index",
    "DESIGN_QA_ROUTE_MATRIX_INCOMPLETE:pages/management-member/index",
    "DESIGN_QA_ROUTE_MATRIX_INCOMPLETE:pages/referral/index",
    "DESIGN_QA_ROUTE_MATRIX_INCOMPLETE:pages/community-compose/index",
    "DESIGN_QA_ROUTE_MATRIX_INCOMPLETE:pages/community-post/index",
    "DESIGN_QA_ROUTE_MATRIX_INCOMPLETE:pages/community-author/index",
    "DESIGN_QA_ROUTE_MATRIX_INCOMPLETE:pages/community-review/index",
    "DESIGN_QA_ROUTE_MATRIX_INCOMPLETE:pages/community-activity/index",
    "DESIGN_QA_ROUTE_MATRIX_INCOMPLETE:pages/management-finance/index",
    "DESIGN_QA_ROUTE_MATRIX_INCOMPLETE:pages/commission/index",
    "DESIGN_QA_DEVICE_EVIDENCE_REQUIRED:ios",
    "DESIGN_QA_DEVICE_EVIDENCE_REQUIRED:android",
    "DESIGN_QA_OPEN_P0_OR_P1"
  ]
}
