{"applied":"202609100001_care_record_details.sql","approvalReference":"isolated-preflight-f3584aa","backupReference":"r5-preflight-fe2f5a7"}
{"applied":"202609100002_member_delivery_address.sql","approvalReference":"isolated-preflight-f3584aa","backupReference":"r5-preflight-fe2f5a7"}
{"applied":"202609100003_performance_consistency.sql","approvalReference":"isolated-preflight-f3584aa","backupReference":"r5-preflight-fe2f5a7"}
{"applied":"202609100004_community_post_stats.sql","approvalReference":"isolated-preflight-f3584aa","backupReference":"r5-preflight-fe2f5a7"}
{"applied":"202609110001_privacy_lifecycle_foundation.sql","approvalReference":"isolated-preflight-f3584aa","backupReference":"r5-preflight-fe2f5a7"}
{"applied":"202609110002_formal_ugc_foundation.sql","approvalReference":"isolated-preflight-f3584aa","backupReference":"r5-preflight-fe2f5a7"}
{"applied":"202609110003_role_aware_authority.sql","approvalReference":"isolated-preflight-f3584aa","backupReference":"r5-preflight-fe2f5a7"}
{"applied":"202609110004_support_foundation.sql","approvalReference":"isolated-preflight-f3584aa","backupReference":"r5-preflight-fe2f5a7"}
{"applied":"202609110005_enterprise_identity_namespace.sql","approvalReference":"isolated-preflight-f3584aa","backupReference":"r5-preflight-fe2f5a7"}
{"applied":"202609110006_commerce_catalog.sql","approvalReference":"isolated-preflight-f3584aa","backupReference":"r5-preflight-fe2f5a7"}
{"applied":"202609110007_commerce_pending_order.sql","approvalReference":"isolated-preflight-f3584aa","backupReference":"r5-preflight-fe2f5a7"}
{"applied":"202609120001_support_commercial_chat.sql","approvalReference":"isolated-preflight-f3584aa","backupReference":"r5-preflight-fe2f5a7"}
{"applied":"202609120002_commercial_membership_referral.sql","approvalReference":"isolated-preflight-f3584aa","backupReference":"r5-preflight-fe2f5a7"}
{"applied":"202609120003_formal_ugc_editor.sql","approvalReference":"isolated-preflight-f3584aa","backupReference":"r5-preflight-fe2f5a7"}
{"applied":"202609120004_ugc_safety_scans.sql","approvalReference":"isolated-preflight-f3584aa","backupReference":"r5-preflight-fe2f5a7"}
{"applied":"202609120005_ugc_comment_safety.sql","approvalReference":"isolated-preflight-f3584aa","backupReference":"r5-preflight-fe2f5a7"}
{"applied":"202609120006_verified_payment_inbox.sql","approvalReference":"isolated-preflight-f3584aa","backupReference":"r5-preflight-fe2f5a7"}
{"applied":"202609120007_verified_refund_inbox.sql","approvalReference":"isolated-preflight-f3584aa","backupReference":"r5-preflight-fe2f5a7"}
{"applied":"202609120008_formal_ugc_follow.sql","approvalReference":"isolated-preflight-f3584aa","backupReference":"r5-preflight-fe2f5a7"}
{"applied":"202609120009_commercial_rate_idempotency.sql","approvalReference":"isolated-preflight-f3584aa","backupReference":"r5-preflight-fe2f5a7"}
{"applied":"202609120010_ugc_media_source_post.sql","approvalReference":"isolated-preflight-f3584aa","backupReference":"r5-preflight-fe2f5a7"}
{"applied":"202609120011_money_inbox_retry.sql","approvalReference":"isolated-preflight-f3584aa","backupReference":"r5-preflight-fe2f5a7"}
{"applied":"202609120012_commission_rate_inheritance.sql","approvalReference":"isolated-preflight-f3584aa","backupReference":"r5-preflight-fe2f5a7"}
{"applied":"202609120013_ugc_report_decision.sql","approvalReference":"isolated-preflight-f3584aa","backupReference":"r5-preflight-fe2f5a7"}
{"applied":"202609120014_ugc_content_appeal.sql","approvalReference":"isolated-preflight-f3584aa","backupReference":"r5-preflight-fe2f5a7"}
{"applied":"202609120015_payment_attempt_binding.sql","approvalReference":"isolated-preflight-f3584aa","backupReference":"r5-preflight-fe2f5a7"}
{"applied":"202609120016_refund_command.sql","approvalReference":"isolated-preflight-f3584aa","backupReference":"r5-preflight-fe2f5a7"}
{"applied":"202609120017_fulfillment_release.sql","approvalReference":"isolated-preflight-f3584aa","backupReference":"r5-preflight-fe2f5a7"}
{"applied":"202609120018_settlement_reservation.sql","approvalReference":"isolated-preflight-f3584aa","backupReference":"r5-preflight-fe2f5a7"}
{"applied":"202609120019_transfer_callback_inbox.sql","approvalReference":"isolated-preflight-f3584aa","backupReference":"r5-preflight-fe2f5a7"}
{"applied":"202609120020_trade_bill_reconciliation.sql","approvalReference":"isolated-preflight-f3584aa","backupReference":"r5-preflight-fe2f5a7"}
{"applied":"202609120021_ugc_report_target_revision.sql","approvalReference":"isolated-preflight-f3584aa","backupReference":"r5-preflight-fe2f5a7"}
{"applied":"202609120022_settlement_dispatch_fence.sql","approvalReference":"isolated-preflight-f3584aa","backupReference":"r5-preflight-fe2f5a7"}
{"applied":"202609120023_commercial_calendar_rate_v2.sql","approvalReference":"isolated-preflight-f3584aa","backupReference":"r5-preflight-fe2f5a7"}
{"applied":"202609120024_ugc_scan_claim.sql","approvalReference":"isolated-preflight-f3584aa","backupReference":"r5-preflight-fe2f5a7"}
{"applied":"202609120025_ugc_comment_scan_claim.sql","approvalReference":"isolated-preflight-f3584aa","backupReference":"r5-preflight-fe2f5a7"}
{"applied":"202609120026_ugc_nickname_safety.sql","approvalReference":"isolated-preflight-f3584aa","backupReference":"r5-preflight-fe2f5a7"}
{"applied":"202609120027_settlement_cycle_candidate.sql","approvalReference":"isolated-preflight-f3584aa","backupReference":"r5-preflight-fe2f5a7"}
{"applied":"202609120028_refund_channel_acceptance.sql","approvalReference":"isolated-preflight-f3584aa","backupReference":"r5-preflight-fe2f5a7"}
{"applied":"202609120029_payment_composition_fact.sql","approvalReference":"isolated-preflight-f3584aa","backupReference":"r5-preflight-fe2f5a7"}
{"applied":"202609120030_isolated_shopping_credit.sql","approvalReference":"isolated-preflight-f3584aa","backupReference":"r5-preflight-fe2f5a7"}
{"applied":"202609120031_isolated_credit_checkout.sql","approvalReference":"isolated-preflight-f3584aa","backupReference":"r5-preflight-fe2f5a7"}
{"applied":"202609120032_isolated_credit_refund_allocation.sql","approvalReference":"isolated-preflight-f3584aa","backupReference":"r5-preflight-fe2f5a7"}
{"applied":"202609120033_credit_entry_guard.sql","approvalReference":"isolated-preflight-f3584aa","backupReference":"r5-preflight-fe2f5a7"}
{"applied":"202609120034_settlement_cycle_approval.sql","approvalReference":"isolated-preflight-f3584aa","backupReference":"r5-preflight-fe2f5a7"}
{"applied":"202609120035_credit_refund_signed_fact_guard.sql","approvalReference":"isolated-preflight-f3584aa","backupReference":"r5-preflight-fe2f5a7"}
{"applied":"202609120036_money_inbox_claim_fence.sql","approvalReference":"isolated-preflight-f3584aa","backupReference":"r5-preflight-fe2f5a7"}
{"applied":"202609140001_privacy_synthetic_execution.sql","approvalReference":"isolated-preflight-f3584aa","backupReference":"r5-preflight-fe2f5a7"}
{"applied":"202609140002_privacy_request_explicit_scope.sql","approvalReference":"isolated-preflight-f3584aa","backupReference":"r5-preflight-fe2f5a7"}
{"applied":"202609220001_shipping_sync_journal.sql","approvalReference":"isolated-preflight-f3584aa","backupReference":"r5-preflight-fe2f5a7"}
{"applied":"202609220002_local_shipment.sql","approvalReference":"isolated-preflight-f3584aa","backupReference":"r5-preflight-fe2f5a7"}
{"applied":"202609220003_shipping_manual_query.sql","approvalReference":"isolated-preflight-f3584aa","backupReference":"r5-preflight-fe2f5a7"}
{"applied":"202609230001_aftersale_case.sql","approvalReference":"isolated-preflight-f3584aa","backupReference":"r5-preflight-fe2f5a7"}
{"applied":"202609230002_aftersale_service_intake.sql","approvalReference":"isolated-preflight-f3584aa","backupReference":"r5-preflight-fe2f5a7"}
{"applied":"202609230003_aftersale_nonreturn_exception.sql","approvalReference":"isolated-preflight-f3584aa","backupReference":"r5-preflight-fe2f5a7"}
{"applied":"202609230004_aftersale_shipped_instruction.sql","approvalReference":"isolated-preflight-f3584aa","backupReference":"r5-preflight-fe2f5a7"}
{"applied":"202609230005_aftersale_route_resolution.sql","approvalReference":"isolated-preflight-f3584aa","backupReference":"r5-preflight-fe2f5a7"}
{"applied":"202609230006_formal_operator_rate.sql","approvalReference":"isolated-preflight-f3584aa","backupReference":"r5-preflight-fe2f5a7"}
{"applied":"202609230007_aftersale_remaining_claims.sql","approvalReference":"isolated-preflight-f3584aa","backupReference":"r5-preflight-fe2f5a7"}
{"applied":"202609230008_privacy_reply_handoff.sql","approvalReference":"isolated-preflight-f3584aa","backupReference":"r5-preflight-fe2f5a7"}
{"applied":"202609230009_privacy_operator_reply_history.sql","approvalReference":"isolated-preflight-f3584aa","backupReference":"r5-preflight-fe2f5a7"}
{"applied":"202609230010_retention_classes.sql","approvalReference":"isolated-preflight-f3584aa","backupReference":"r5-preflight-fe2f5a7"}
{"applied":"202609230011_support_retention_worker_gate.sql","approvalReference":"isolated-preflight-f3584aa","backupReference":"r5-preflight-fe2f5a7"}
{"applied":"202609230012_formal_privacy_export.sql","approvalReference":"isolated-preflight-f3584aa","backupReference":"r5-preflight-fe2f5a7"}
{"applied":"202609230012_local_credit_refund.sql","approvalReference":"isolated-preflight-f3584aa","backupReference":"r5-preflight-fe2f5a7"}
{"applied":"202609230013_formal_profile_erasure_scope.sql","approvalReference":"isolated-preflight-f3584aa","backupReference":"r5-preflight-fe2f5a7"}
{"applied":"202609240001_ordinary_support_finite_policy.sql","approvalReference":"isolated-preflight-f3584aa","backupReference":"r5-preflight-fe2f5a7"}
