
[1m[30m[46m RUN [49m[39m[22m [36mv4.1.11 [39m[90m/mnt/data/cisme-repair[39m

[90mstdout[2m | tests/unit/storage-operation-budget.test.ts[2m > [22m[2mpinned COS 3.0.0 / cos-request 1.3.3 cancellation over real loopback HTTP[2m > [22m[2mcloses a stalled socket and rejects the SDK call within the remaining operation budget
[22m[39m{ settled: [33mfalse[39m, received: [33m2[39m, disconnected: [33m1[39m, aborted: [33mtrue[39m }

 [31m❯[39m tests/unit/storage-operation-budget.test.ts [2m([22m[2m2 tests[22m[2m | [22m[31m1 failed[39m[2m)[22m[33m 425[2mms[22m[39m
[31m     [31m×[31m closes a stalled socket and rejects the SDK call within the remaining operation budget[39m[33m 418[2mms[22m[39m
     [32m✓[39m an already aborted context cannot start another HTTP request[32m 6[2mms[22m[39m

[31m⎯⎯⎯⎯⎯⎯⎯[39m[1m[41m Failed Tests 1 [49m[22m[31m⎯⎯⎯⎯⎯⎯⎯[39m

[41m[1m FAIL [22m[49m tests/unit/storage-operation-budget.test.ts[2m > [22mpinned COS 3.0.0 / cos-request 1.3.3 cancellation over real loopback HTTP[2m > [22mcloses a stalled socket and rejects the SDK call within the remaining operation budget
[31m[1mAssertionError[22m: expected false to be true // Object.is equality[39m

[32m- Expected[39m
[31m+ Received[39m

[32m- true[39m
[31m+ false[39m

[36m [2m❯[22m tests/unit/storage-operation-budget.test.ts:[2m30:23[22m[39m
    [90m 28|[39m       [35mawait[39m [34msleep[39m([34m400[39m)[33m;[39m
    [90m 29|[39m       console.log({settled, received, disconnected, aborted: budget.si…
    [90m 30|[39m       [34mexpect[39m(settled)[33m.[39m[34mtoBe[39m([35mtrue[39m)[33m;[39m
    [90m   |[39m                       [31m^[39m
    [90m 31|[39m       [34mexpect[39m(received)[33m.[39m[34mtoBe[39m([34m1[39m)[33m;[39m
    [90m 32|[39m       [34mexpect[39m(disconnected)[33m.[39m[34mtoBe[39m([34m1[39m)[33m;[39m

[31m[2m⎯⎯⎯⎯⎯⎯⎯⎯⎯⎯⎯⎯⎯⎯⎯⎯⎯⎯⎯⎯⎯⎯⎯⎯[1/1]⎯[22m[39m


[2m Test Files [22m [1m[31m1 failed[39m[22m[90m (1)[39m
[2m      Tests [22m [1m[31m1 failed[39m[22m[2m | [22m[1m[32m1 passed[39m[22m[90m (2)[39m
[2m   Start at [22m 22:30:26
[2m   Duration [22m 737ms[2m (transform 78ms, setup 0ms, import 218ms, tests 425ms, environment 0ms)[22m
