
> cisme-wechat-miniapp@0.1.0 test
> vitest run tests/unit --exclude 'dist/**'


[1m[30m[46m RUN [49m[39m[22m [36mv4.1.11 [39m[90m/mnt/data/cisme-repair[39m

 [32m✓[39m tests/unit/pr3-runtime-config.test.ts [2m([22m[2m1 test[22m[2m)[22m[33m 525[2mms[22m[39m
   [33m[2m✓[22m[39m validates an isolated local API and refuses the wrong worker role or database [33m 524[2mms[22m[39m
 [32m✓[39m tests/unit/miniprogram-page-behavior.test.ts [2m([22m[2m62 tests[22m[2m)[22m[33m 848[2mms[22m[39m
 [32m✓[39m tests/unit/storage-operation-budget.test.ts [2m([22m[2m2 tests[22m[2m)[22m[33m 422[2mms[22m[39m
     [33m[2m✓[22m[39m closes a stalled socket and rejects the SDK call within the remaining operation budget [33m 414[2mms[22m[39m
 [32m✓[39m tests/unit/formal-payment-protocol.test.ts [2m([22m[2m2 tests[22m[2m)[22m[32m 175[2mms[22m[39m
 [32m✓[39m tests/unit/native-boundaries.test.ts [2m([22m[2m10 tests[22m[2m)[22m[32m 220[2mms[22m[39m
 [32m✓[39m tests/unit/wechat-release.test.ts [2m([22m[2m15 tests[22m[2m)[22m[32m 237[2mms[22m[39m
 [32m✓[39m tests/unit/transaction-budget.test.ts [2m([22m[2m13 tests[22m[2m)[22m[32m 227[2mms[22m[39m
 [32m✓[39m tests/unit/design-qa-gate.test.ts [2m([22m[2m10 tests[22m[2m)[22m[33m 1993[2mms[22m[39m
     [33m[2m✓[22m[39m rejects evidence filed under the wrong DevTools category [33m 302[2mms[22m[39m
 [32m✓[39m tests/unit/http-metrics-budget.test.ts [2m([22m[2m4 tests[22m[2m)[22m[32m 134[2mms[22m[39m
 [32m✓[39m tests/unit/miniprogram-u0-page-lifecycle.test.ts [2m([22m[2m33 tests[22m[2m)[22m[32m 261[2mms[22m[39m
 [32m✓[39m tests/unit/cloud-http-api.test.ts [2m([22m[2m5 tests[22m[2m)[22m[32m 138[2mms[22m[39m
 [32m✓[39m tests/unit/privacy-inventory-gate.test.ts [2m([22m[2m4 tests[22m[2m)[22m[32m 158[2mms[22m[39m
 [32m✓[39m tests/unit/runtime-log-redaction.test.ts [2m([22m[2m2 tests[22m[2m)[22m[32m 104[2mms[22m[39m
 [32m✓[39m tests/unit/http-static-route-coverage.test.ts [2m([22m[2m1 test[22m[2m)[22m[32m 147[2mms[22m[39m
 [32m✓[39m tests/unit/native-progressive-load.test.ts [2m([22m[2m17 tests[22m[2m)[22m[32m 65[2mms[22m[39m
 [32m✓[39m tests/unit/sensitive-action-intents.test.ts [2m([22m[2m5 tests[22m[2m)[22m[32m 99[2mms[22m[39m
 [32m✓[39m tests/unit/native-route-audit.test.ts [2m([22m[2m1 test[22m[2m)[22m[32m 120[2mms[22m[39m
 [32m✓[39m tests/unit/native-feed-lifecycle.test.ts [2m([22m[2m3 tests[22m[2m)[22m[32m 23[2mms[22m[39m
 [32m✓[39m tests/unit/miniprogram-management-order-privacy.test.ts [2m([22m[2m4 tests[22m[2m)[22m[32m 54[2mms[22m[39m
 [32m✓[39m tests/unit/miniprogram-cloud-transport.test.ts [2m([22m[2m8 tests[22m[2m)[22m[32m 47[2mms[22m[39m
 [32m✓[39m tests/unit/worker-once.test.ts [2m([22m[2m3 tests[22m[2m)[22m[32m 55[2mms[22m[39m
 [32m✓[39m tests/unit/miniprogram-session-race.test.ts [2m([22m[2m11 tests[22m[2m)[22m[32m 49[2mms[22m[39m
 [32m✓[39m tests/unit/openapi-security-coverage.test.ts [2m([22m[2m1 test[22m[2m)[22m[32m 36[2mms[22m[39m
[90mstderr[2m | tests/unit/address-editor.component.test.ts
[22m[39maddClassPrefix: postcss.plugin was deprecated. Migration guide:
https://evilmartians.com/chronicles/postcss-8-plugin-migration

 [32m✓[39m tests/unit/native-care-recovery.test.ts [2m([22m[2m9 tests[22m[2m)[22m[32m 59[2mms[22m[39m
 [32m✓[39m tests/unit/address-editor.component.test.ts [2m([22m[2m3 tests[22m[2m)[22m[32m 67[2mms[22m[39m
 [32m✓[39m tests/unit/commission-policy.test.ts [2m([22m[2m8 tests[22m[2m)[22m[32m 46[2mms[22m[39m
 [32m✓[39m tests/unit/native-request-budget.test.ts [2m([22m[2m6 tests[22m[2m)[22m[32m 27[2mms[22m[39m
 [32m✓[39m tests/unit/miniprogram-flow-safety.test.ts [2m([22m[2m22 tests[22m[2m)[22m[32m 47[2mms[22m[39m
 [32m✓[39m tests/unit/wechat-pay-v3.test.ts [2m([22m[2m3 tests[22m[2m)[22m[32m 35[2mms[22m[39m
 [32m✓[39m tests/unit/native-login-profile.test.ts [2m([22m[2m9 tests[22m[2m)[22m[32m 33[2mms[22m[39m
 [32m✓[39m tests/unit/native-navigation.test.ts [2m([22m[2m6 tests[22m[2m)[22m[32m 35[2mms[22m[39m
 [32m✓[39m tests/unit/route-contracts.test.ts [2m([22m[2m3 tests[22m[2m)[22m[32m 26[2mms[22m[39m
 [32m✓[39m tests/unit/management-support-queue-lifecycle.test.ts [2m([22m[2m1 test[22m[2m)[22m[32m 23[2mms[22m[39m
 [32m✓[39m tests/unit/community-review-lifecycle.test.ts [2m([22m[2m3 tests[22m[2m)[22m[32m 21[2mms[22m[39m
 [32m✓[39m tests/unit/storage-gateway.test.ts [2m([22m[2m14 tests[22m[2m)[22m[32m 20[2mms[22m[39m
 [32m✓[39m tests/unit/native-feed-projection.test.ts [2m([22m[2m4 tests[22m[2m)[22m[32m 16[2mms[22m[39m
 [32m✓[39m tests/unit/care-protocol.test.ts [2m([22m[2m2 tests[22m[2m)[22m[32m 14[2mms[22m[39m
[90mstderr[2m | tests/unit/miniprogram-style-toolchain.test.ts[2m > [22m[2mpatched mini program simulator style toolchain[2m > [22m[2mpreserves scoped selectors, decimal values and media rules with PostCSS 8
[22m[39maddClassPrefix: postcss.plugin was deprecated. Migration guide:
https://evilmartians.com/chronicles/postcss-8-plugin-migration

[90mstderr[2m | tests/unit/miniprogram-style-toolchain.test.ts[2m > [22m[2mpatched mini program simulator style toolchain[2m > [22m[2mkeeps the simulator's synchronous Less callback path compatible with Less 4
[22m[39maddClassPrefix: postcss.plugin was deprecated. Migration guide:
https://evilmartians.com/chronicles/postcss-8-plugin-migration

 [32m✓[39m tests/unit/miniprogram-style-toolchain.test.ts [2m([22m[2m2 tests[22m[2m)[22m[32m 18[2mms[22m[39m
 [32m✓[39m tests/unit/domain.test.ts [2m([22m[2m3 tests[22m[2m)[22m[32m 17[2mms[22m[39m
 [32m✓[39m tests/unit/care-home-state.test.ts [2m([22m[2m4 tests[22m[2m)[22m[32m 17[2mms[22m[39m
 [32m✓[39m tests/unit/member-request-coordinator.test.ts [2m([22m[2m6 tests[22m[2m)[22m[32m 12[2mms[22m[39m
 [32m✓[39m tests/unit/role-aware-support-ui.test.ts [2m([22m[2m4 tests[22m[2m)[22m[32m 8[2mms[22m[39m
 [32m✓[39m tests/unit/cos-storage-gateway.test.ts [2m([22m[2m15 tests[22m[2m)[22m[32m 20[2mms[22m[39m
 [32m✓[39m tests/unit/support-ai-boundary.test.ts [2m([22m[2m5 tests[22m[2m)[22m[32m 14[2mms[22m[39m
 [32m✓[39m tests/unit/native-route-access.test.ts [2m([22m[2m5 tests[22m[2m)[22m[32m 11[2mms[22m[39m
 [32m✓[39m tests/unit/miniprogram-ux-performance-audit.test.ts [2m([22m[2m4 tests[22m[2m)[22m[32m 8[2mms[22m[39m
 [32m✓[39m tests/unit/config.test.ts [2m([22m[2m13 tests[22m[2m)[22m[32m 9[2mms[22m[39m
 [32m✓[39m tests/unit/cloudbase-worker-entry.test.ts [2m([22m[2m2 tests[22m[2m)[22m[32m 11[2mms[22m[39m
 [32m✓[39m tests/unit/api-gateway-storage-initialization.test.ts [2m([22m[2m1 test[22m[2m)[22m[32m 10[2mms[22m[39m
 [32m✓[39m tests/unit/commerce-ui.test.ts [2m([22m[2m3 tests[22m[2m)[22m[32m 8[2mms[22m[39m
 [32m✓[39m tests/unit/worker-loop.test.ts [2m([22m[2m3 tests[22m[2m)[22m[32m 9[2mms[22m[39m
 [32m✓[39m tests/unit/member-identity.test.ts [2m([22m[2m3 tests[22m[2m)[22m[32m 4[2mms[22m[39m
 [32m✓[39m tests/unit/address-draft.test.ts [2m([22m[2m6 tests[22m[2m)[22m[32m 6[2mms[22m[39m
 [32m✓[39m tests/unit/test-database-safety.test.ts [2m([22m[2m7 tests[22m[2m)[22m[32m 6[2mms[22m[39m
 [32m✓[39m tests/unit/database-mtls.test.ts [2m([22m[2m3 tests[22m[2m)[22m[32m 6[2mms[22m[39m
 [32m✓[39m tests/unit/support-thread-state.test.ts [2m([22m[2m8 tests[22m[2m)[22m[32m 12[2mms[22m[39m
 [32m✓[39m tests/unit/storage-cos-immutability.test.ts [2m([22m[2m1 test[22m[2m)[22m[32m 8[2mms[22m[39m
 [32m✓[39m tests/unit/checkout-state.test.ts [2m([22m[2m5 tests[22m[2m)[22m[32m 5[2mms[22m[39m
 [32m✓[39m tests/unit/auth.test.ts [2m([22m[2m2 tests[22m[2m)[22m[32m 6[2mms[22m[39m
 [32m✓[39m tests/unit/product-draft-state.test.ts [2m([22m[2m3 tests[22m[2m)[22m[32m 4[2mms[22m[39m
 [32m✓[39m tests/unit/miniprogram-layout.test.ts [2m([22m[2m3 tests[22m[2m)[22m[32m 4[2mms[22m[39m
 [32m✓[39m tests/unit/delivery-address-compatibility.test.ts [2m([22m[2m1 test[22m[2m)[22m[32m 3[2mms[22m[39m
 [32m✓[39m tests/unit/support-model-projection.test.ts [2m([22m[2m1 test[22m[2m)[22m[32m 3[2mms[22m[39m
 [32m✓[39m tests/unit/miniprogram-presentation.test.ts [2m([22m[2m2 tests[22m[2m)[22m[32m 3[2mms[22m[39m
 [32m✓[39m tests/unit/catalog-assets.test.ts [2m([22m[2m2 tests[22m[2m)[22m[32m 3[2mms[22m[39m

[2m Test Files [22m [1m[32m65 passed[39m[22m[90m (65)[39m
[2m      Tests [22m [1m[32m427 passed[39m[22m[90m (427)[39m
[2m   Start at [22m 22:44:52
[2m   Duration [22m 6.29s[2m (transform 2.01s, setup 0ms, import 4.45s, tests 6.85s, environment 367ms)[22m
